-- Automatically generated by Gravitino Spark SQL test
-- !query
CREATE DATABASE IF NOT EXISTS t_hive LOCATION '/user/hive/warehouse-spark-test/t_hive'
-- !query schema
struct<>
-- !query output



-- !query
USE t_hive
-- !query schema
struct<>
-- !query output



-- !query
CREATE TABLE IF NOT EXISTS employees (
    id INT,
    name STRING,
    age INT
)
PARTITIONED BY (department STRING)
STORED AS PARQUET
-- !query schema
struct<>
-- !query output



-- !query
INSERT OVERWRITE TABLE employees PARTITION(department='Engineering') VALUES (1, 'John Doe', 30), (2, 'Jane Smith', 28)
-- !query schema
struct<>
-- !query output



-- !query
INSERT OVERWRITE TABLE employees PARTITION(department='Marketing') VALUES (3, 'Mike Brown', 32)
-- !query schema
struct<>
-- !query output



-- !query
SELECT * FROM employees WHERE department = 'Engineering'
-- !query schema
struct<id:int,name:string,age:int,department:string>
-- !query output
1	John Doe	30	Engineering
2	Jane Smith	28	Engineering
