-- Automatically generated by Gravitino Spark SQL test
-- !query
select  i_brand_id brand_id, i_brand brand, i_manufact_id, i_manufact,
 	sum(ss_ext_sales_price) ext_price
 from date_dim, store_sales, item,customer,customer_address,store
 where d_date_sk = ss_sold_date_sk
   and ss_item_sk = i_item_sk
   and i_manager_id=7
   and d_moy=11
   and d_year=1999
   and ss_customer_sk = c_customer_sk 
   and c_current_addr_sk = ca_address_sk
   and substr(ca_zip,1,5) <> substr(s_zip,1,5) 
   and ss_store_sk = s_store_sk 
 group by i_brand
      ,i_brand_id
      ,i_manufact_id
      ,i_manufact
 order by ext_price desc
         ,i_brand
         ,i_brand_id
         ,i_manufact_id
         ,i_manufact
limit 100
-- !query schema
struct<brand_id:bigint,brand:string,i_manufact_id:bigint,i_manufact:string,ext_price:decimal(17,2)>
-- !query output
1004001	edu packamalg #x	622	ableablecally	216.44
4001001	amalgedu pack #x	590	barn stanti	4135.56
8006007	corpnameless #x	602	ablebarcally	257.14
