-- Automatically generated by Gravitino Spark SQL test
-- !query
select  *
from (select avg(ss_list_price) B1_LP
            ,count(ss_list_price) B1_CNT
            ,count(distinct ss_list_price) B1_CNTD
      from store_sales
      where ss_quantity between 0 and 5
        and (ss_list_price between 11 and 11+10 
             or ss_coupon_amt between 460 and 460+1000
             or ss_wholesale_cost between 14 and 14+20)) B1,
     (select avg(ss_list_price) B2_LP
            ,count(ss_list_price) B2_CNT
            ,count(distinct ss_list_price) B2_CNTD
      from store_sales
      where ss_quantity between 6 and 10
        and (ss_list_price between 91 and 91+10
          or ss_coupon_amt between 1430 and 1430+1000
          or ss_wholesale_cost between 32 and 32+20)) B2,
     (select avg(ss_list_price) B3_LP
            ,count(ss_list_price) B3_CNT
            ,count(distinct ss_list_price) B3_CNTD
      from store_sales
      where ss_quantity between 11 and 15
        and (ss_list_price between 66 and 66+10
          or ss_coupon_amt between 920 and 920+1000
          or ss_wholesale_cost between 4 and 4+20)) B3,
     (select avg(ss_list_price) B4_LP
            ,count(ss_list_price) B4_CNT
            ,count(distinct ss_list_price) B4_CNTD
      from store_sales
      where ss_quantity between 16 and 20
        and (ss_list_price between 142 and 142+10
          or ss_coupon_amt between 3054 and 3054+1000
          or ss_wholesale_cost between 80 and 80+20)) B4,
     (select avg(ss_list_price) B5_LP
            ,count(ss_list_price) B5_CNT
            ,count(distinct ss_list_price) B5_CNTD
      from store_sales
      where ss_quantity between 21 and 25
        and (ss_list_price between 135 and 135+10
          or ss_coupon_amt between 14180 and 14180+1000
          or ss_wholesale_cost between 38 and 38+20)) B5,
     (select avg(ss_list_price) B6_LP
            ,count(ss_list_price) B6_CNT
            ,count(distinct ss_list_price) B6_CNTD
      from store_sales
      where ss_quantity between 26 and 30
        and (ss_list_price between 28 and 28+10
          or ss_coupon_amt between 2513 and 2513+1000
          or ss_wholesale_cost between 42 and 42+20)) B6
limit 100
-- !query schema
struct<B1_LP:decimal(11,6),B1_CNT:bigint,B1_CNTD:bigint,B2_LP:decimal(11,6),B2_CNT:bigint,B2_CNTD:bigint,B3_LP:decimal(11,6),B3_CNT:bigint,B3_CNTD:bigint,B4_LP:decimal(11,6),B4_CNT:bigint,B4_CNTD:bigint,B5_LP:decimal(11,6),B5_CNT:bigint,B5_CNTD:bigint,B6_LP:decimal(11,6),B6_CNT:bigint,B6_CNTD:bigint>
-- !query output
32.010175	343	333	70.699500	360	350	36.579143	350	341	136.749783	277	272	81.930455	308	306	66.426033	363	353
