-- Automatically generated by Gravitino Spark SQL test
-- !query
select  sum(cs_ext_discount_amt)  as excess_discount_amount
from 
   catalog_sales 
   ,item 
   ,date_dim
where
i_manufact_id = 269
and i_item_sk = cs_item_sk 
and d_date between '1998-03-18' and 
        (cast('1998-03-18' as date) + interval 90 days)
and d_date_sk = cs_sold_date_sk 
and cs_ext_discount_amt  
     > ( 
         select 
            1.3 * avg(cs_ext_discount_amt) 
         from 
            catalog_sales 
           ,date_dim
         where 
              cs_item_sk = i_item_sk 
          and d_date between '1998-03-18' and
                             (cast('1998-03-18' as date) + interval 90 days)
          and d_date_sk = cs_sold_date_sk 
      ) 
limit 100
-- !query schema
struct<excess_discount_amount:decimal(17,2)>
-- !query output
NULL
