-- Automatically generated by Gravitino Spark SQL test
-- !query
select  *
from(
select i_category, i_class, i_brand,
       s_store_name, s_company_name,
       d_moy,
       sum(ss_sales_price) sum_sales,
       avg(sum(ss_sales_price)) over
         (partition by i_category, i_brand, s_store_name, s_company_name)
         avg_monthly_sales
from item, store_sales, date_dim, store
where ss_item_sk = i_item_sk and
      ss_sold_date_sk = d_date_sk and
      ss_store_sk = s_store_sk and
      d_year in (2000) and
        ((i_category in ('Home','Books','Electronics') and
          i_class in ('wallpaper','parenting','musical')
         )
      or (i_category in ('Shoes','Jewelry','Men') and
          i_class in ('womens','birdal','pants') 
        ))
group by i_category, i_class, i_brand,
         s_store_name, s_company_name, d_moy) tmp1
where case when (avg_monthly_sales <> 0) then (abs(sum_sales - avg_monthly_sales) / avg_monthly_sales) else null end > 0.1
order by sum_sales - avg_monthly_sales, s_store_name
limit 100
-- !query schema
struct<i_category:string,i_class:string,i_brand:string,s_store_name:string,s_company_name:string,d_moy:bigint,sum_sales:decimal(17,2),avg_monthly_sales:decimal(21,6)>
-- !query output
Books	parenting	corpmaxi #x	able	Unknown	12	9.05	28.145000
Books	parenting	corpmaxi #x	ation	Unknown	12	24.12	88.306667
Books	parenting	corpmaxi #x	ation	Unknown	9	0.65	16.570000
Books	parenting	corpmaxi #x	ese	Unknown	12	19.93	30.505000
Books	parenting	corpmaxi #x	ese	Unknown	3	3.03	46.770000
Books	parenting	corpmaxi #x	ese	Unknown	6	5.66	46.770000
Books	parenting	corpmaxi #x	ought	Unknown	11	0.00	44.955000
Books	parenting	corpmaxi #x	ought	Unknown	3	1.80	40.480000
Books	parenting	corpmaxi #x	ought	Unknown	3	4.07	15.880000
Books	parenting	corpmaxi #x	ought	Unknown	9	1.86	15.880000
Electronics	musical	corpunivamalg #x	ation	Unknown	5	0.00	17.166667
Electronics	musical	corpunivamalg #x	bar	Unknown	1	3.42	15.125000
Electronics	musical	corpunivamalg #x	ese	Unknown	11	51.40	72.805000
Home	wallpaper	exportinameless #x	able	Unknown	10	9.38	26.950000
Home	wallpaper	exportinameless #x	able	Unknown	4	36.64	59.325000
Home	wallpaper	exportinameless #x	bar	Unknown	11	14.79	27.130000
Home	wallpaper	exportinameless #x	bar	Unknown	2	28.70	91.745000
Home	wallpaper	exportinameless #x	ese	Unknown	12	10.50	42.643333
Jewelry	birdal	amalgcorp #x	able	Unknown	12	0.00	12.175000
Jewelry	birdal	amalgcorp #x	ation	Unknown	9	43.15	55.435000
Jewelry	birdal	amalgcorp #x	eing	Unknown	9	3.22	62.690000
Men	pants	exportiimporto #x	able	Unknown	10	13.87	33.281429
Men	pants	exportiimporto #x	able	Unknown	11	20.73	33.281429
Men	pants	exportiimporto #x	able	Unknown	12	3.95	33.281429
Men	pants	exportiimporto #x	able	Unknown	5	10.62	36.286000
Men	pants	exportiimporto #x	able	Unknown	7	3.77	36.286000
Men	pants	exportiimporto #x	able	Unknown	9	0.00	36.286000
Men	pants	exportiimporto #x	ation	Unknown	1	20.92	61.657500
Men	pants	exportiimporto #x	ation	Unknown	5	40.54	61.657500
Men	pants	exportiimporto #x	ation	Unknown	6	0.61	23.330000
Men	pants	exportiimporto #x	ation	Unknown	8	16.76	61.657500
Men	pants	exportiimporto #x	bar	Unknown	10	10.34	52.747500
Men	pants	exportiimporto #x	bar	Unknown	12	3.58	23.152000
Men	pants	exportiimporto #x	bar	Unknown	2	40.60	52.747500
Men	pants	exportiimporto #x	bar	Unknown	5	23.12	52.747500
Men	pants	exportiimporto #x	bar	Unknown	8	22.06	52.747500
Men	pants	exportiimporto #x	bar	Unknown	8	9.78	23.152000
Men	pants	exportiimporto #x	eing	Unknown	1	16.57	48.099000
Men	pants	exportiimporto #x	eing	Unknown	10	2.45	48.099000
Men	pants	exportiimporto #x	eing	Unknown	10	8.72	38.367500
Men	pants	exportiimporto #x	eing	Unknown	2	3.40	48.099000
Men	pants	exportiimporto #x	eing	Unknown	3	31.46	48.099000
Men	pants	exportiimporto #x	eing	Unknown	4	6.27	48.099000
Men	pants	exportiimporto #x	eing	Unknown	8	32.63	48.099000
Men	pants	exportiimporto #x	eing	Unknown	9	38.31	48.099000
Men	pants	exportiimporto #x	ese	Unknown	1	6.25	63.242500
Men	pants	exportiimporto #x	ese	Unknown	11	16.47	56.218333
Men	pants	exportiimporto #x	ese	Unknown	11	45.03	63.242500
Men	pants	exportiimporto #x	ese	Unknown	12	29.71	63.242500
Men	pants	exportiimporto #x	ese	Unknown	4	1.72	63.242500
Men	pants	exportiimporto #x	ese	Unknown	5	17.68	63.242500
Men	pants	exportiimporto #x	ese	Unknown	7	52.83	63.242500
Men	pants	exportiimporto #x	ese	Unknown	8	1.25	56.218333
Men	pants	exportiimporto #x	ese	Unknown	8	44.51	63.242500
Men	pants	exportiimporto #x	ese	Unknown	9	20.26	56.218333
Men	pants	exportiimporto #x	ese	Unknown	9	47.52	63.242500
Men	pants	exportiimporto #x	ought	Unknown	10	45.84	96.257143
Men	pants	exportiimporto #x	ought	Unknown	11	15.60	66.478000
Men	pants	exportiimporto #x	ought	Unknown	3	22.14	96.257143
Men	pants	exportiimporto #x	ought	Unknown	7	19.94	66.478000
Men	pants	exportiimporto #x	ought	Unknown	7	49.43	96.257143
Men	pants	exportiimporto #x	ought	Unknown	8	5.21	66.478000
Men	pants	exportiimporto #x	ought	Unknown	9	4.40	96.257143
Shoes	womens	amalgedu pack #x	able	Unknown	10	62.92	89.993750
Shoes	womens	amalgedu pack #x	able	Unknown	11	4.84	21.255000
Shoes	womens	amalgedu pack #x	able	Unknown	3	22.19	89.993750
Shoes	womens	amalgedu pack #x	able	Unknown	5	40.62	89.993750
Shoes	womens	amalgedu pack #x	able	Unknown	6	5.53	21.255000
Shoes	womens	amalgedu pack #x	ation	Unknown	1	35.64	80.230000
Shoes	womens	amalgedu pack #x	ation	Unknown	10	31.03	72.111667
Shoes	womens	amalgedu pack #x	ation	Unknown	11	52.60	72.111667
Shoes	womens	amalgedu pack #x	ation	Unknown	12	3.63	72.111667
Shoes	womens	amalgedu pack #x	ation	Unknown	3	10.75	72.111667
Shoes	womens	amalgedu pack #x	ation	Unknown	3	17.89	80.230000
Shoes	womens	amalgedu pack #x	ation	Unknown	4	30.52	80.230000
Shoes	womens	amalgedu pack #x	ation	Unknown	6	16.14	72.111667
Shoes	womens	amalgedu pack #x	bar	Unknown	1	75.23	112.910000
Shoes	womens	amalgedu pack #x	bar	Unknown	10	25.47	112.910000
Shoes	womens	amalgedu pack #x	bar	Unknown	12	23.47	107.068000
Shoes	womens	amalgedu pack #x	bar	Unknown	3	99.68	112.910000
Shoes	womens	amalgedu pack #x	bar	Unknown	7	12.76	107.068000
Shoes	womens	amalgedu pack #x	bar	Unknown	8	25.98	107.068000
Shoes	womens	amalgedu pack #x	bar	Unknown	8	50.16	112.910000
Shoes	womens	amalgedu pack #x	eing	Unknown	1	18.99	72.415714
Shoes	womens	amalgedu pack #x	eing	Unknown	11	26.87	72.415714
Shoes	womens	amalgedu pack #x	eing	Unknown	4	15.73	72.415714
Shoes	womens	amalgedu pack #x	eing	Unknown	5	37.36	67.152500
Shoes	womens	amalgedu pack #x	ese	Unknown	11	30.20	49.901429
Shoes	womens	amalgedu pack #x	ese	Unknown	12	19.11	49.901429
Shoes	womens	amalgedu pack #x	ese	Unknown	5	17.78	49.901429
Shoes	womens	amalgedu pack #x	ese	Unknown	9	11.21	53.032500
Shoes	womens	amalgedu pack #x	ought	Unknown	1	73.98	111.150000
Shoes	womens	amalgedu pack #x	ought	Unknown	10	33.94	111.150000
Shoes	womens	amalgedu pack #x	ought	Unknown	10	37.07	86.355714
Shoes	womens	amalgedu pack #x	ought	Unknown	11	44.12	111.150000
Shoes	womens	amalgedu pack #x	ought	Unknown	2	73.05	86.355714
Shoes	womens	amalgedu pack #x	ought	Unknown	3	32.11	86.355714
Shoes	womens	amalgedu pack #x	ought	Unknown	7	39.60	111.150000
Shoes	womens	amalgedu pack #x	ought	Unknown	8	43.71	86.355714
Shoes	womens	amalgedu pack #x	ought	Unknown	9	41.43	86.355714
