-- Automatically generated by Gravitino Spark SQL test
-- !query
select   
         w_warehouse_name
 	,w_warehouse_sq_ft
 	,w_city
 	,w_county
 	,w_state
 	,w_country
        ,ship_carriers
        ,year
 	,sum(jan_sales) as jan_sales
 	,sum(feb_sales) as feb_sales
 	,sum(mar_sales) as mar_sales
 	,sum(apr_sales) as apr_sales
 	,sum(may_sales) as may_sales
 	,sum(jun_sales) as jun_sales
 	,sum(jul_sales) as jul_sales
 	,sum(aug_sales) as aug_sales
 	,sum(sep_sales) as sep_sales
 	,sum(oct_sales) as oct_sales
 	,sum(nov_sales) as nov_sales
 	,sum(dec_sales) as dec_sales
 	,sum(jan_sales/w_warehouse_sq_ft) as jan_sales_per_sq_foot
 	,sum(feb_sales/w_warehouse_sq_ft) as feb_sales_per_sq_foot
 	,sum(mar_sales/w_warehouse_sq_ft) as mar_sales_per_sq_foot
 	,sum(apr_sales/w_warehouse_sq_ft) as apr_sales_per_sq_foot
 	,sum(may_sales/w_warehouse_sq_ft) as may_sales_per_sq_foot
 	,sum(jun_sales/w_warehouse_sq_ft) as jun_sales_per_sq_foot
 	,sum(jul_sales/w_warehouse_sq_ft) as jul_sales_per_sq_foot
 	,sum(aug_sales/w_warehouse_sq_ft) as aug_sales_per_sq_foot
 	,sum(sep_sales/w_warehouse_sq_ft) as sep_sales_per_sq_foot
 	,sum(oct_sales/w_warehouse_sq_ft) as oct_sales_per_sq_foot
 	,sum(nov_sales/w_warehouse_sq_ft) as nov_sales_per_sq_foot
 	,sum(dec_sales/w_warehouse_sq_ft) as dec_sales_per_sq_foot
 	,sum(jan_net) as jan_net
 	,sum(feb_net) as feb_net
 	,sum(mar_net) as mar_net
 	,sum(apr_net) as apr_net
 	,sum(may_net) as may_net
 	,sum(jun_net) as jun_net
 	,sum(jul_net) as jul_net
 	,sum(aug_net) as aug_net
 	,sum(sep_net) as sep_net
 	,sum(oct_net) as oct_net
 	,sum(nov_net) as nov_net
 	,sum(dec_net) as dec_net
 from (
     select 
 	w_warehouse_name
 	,w_warehouse_sq_ft
 	,w_city
 	,w_county
 	,w_state
 	,w_country
        ,concat('DIAMOND'  , ',' , 'AIRBORNE') as ship_carriers
       ,d_year as year
 	,sum(case when d_moy = 1 
 		then ws_sales_price* ws_quantity else 0 end) as jan_sales
 	,sum(case when d_moy = 2 
 		then ws_sales_price* ws_quantity else 0 end) as feb_sales
 	,sum(case when d_moy = 3 
 		then ws_sales_price* ws_quantity else 0 end) as mar_sales
 	,sum(case when d_moy = 4 
 		then ws_sales_price* ws_quantity else 0 end) as apr_sales
 	,sum(case when d_moy = 5 
 		then ws_sales_price* ws_quantity else 0 end) as may_sales
 	,sum(case when d_moy = 6 
 		then ws_sales_price* ws_quantity else 0 end) as jun_sales
 	,sum(case when d_moy = 7 
 		then ws_sales_price* ws_quantity else 0 end) as jul_sales
 	,sum(case when d_moy = 8 
 		then ws_sales_price* ws_quantity else 0 end) as aug_sales
 	,sum(case when d_moy = 9 
 		then ws_sales_price* ws_quantity else 0 end) as sep_sales
 	,sum(case when d_moy = 10 
 		then ws_sales_price* ws_quantity else 0 end) as oct_sales
 	,sum(case when d_moy = 11
 		then ws_sales_price* ws_quantity else 0 end) as nov_sales
 	,sum(case when d_moy = 12
 		then ws_sales_price* ws_quantity else 0 end) as dec_sales
 	,sum(case when d_moy = 1 
 		then ws_net_paid_inc_tax * ws_quantity else 0 end) as jan_net
 	,sum(case when d_moy = 2
 		then ws_net_paid_inc_tax * ws_quantity else 0 end) as feb_net
 	,sum(case when d_moy = 3 
 		then ws_net_paid_inc_tax * ws_quantity else 0 end) as mar_net
 	,sum(case when d_moy = 4 
 		then ws_net_paid_inc_tax * ws_quantity else 0 end) as apr_net
 	,sum(case when d_moy = 5 
 		then ws_net_paid_inc_tax * ws_quantity else 0 end) as may_net
 	,sum(case when d_moy = 6 
 		then ws_net_paid_inc_tax * ws_quantity else 0 end) as jun_net
 	,sum(case when d_moy = 7 
 		then ws_net_paid_inc_tax * ws_quantity else 0 end) as jul_net
 	,sum(case when d_moy = 8 
 		then ws_net_paid_inc_tax * ws_quantity else 0 end) as aug_net
 	,sum(case when d_moy = 9 
 		then ws_net_paid_inc_tax * ws_quantity else 0 end) as sep_net
 	,sum(case when d_moy = 10 
 		then ws_net_paid_inc_tax * ws_quantity else 0 end) as oct_net
 	,sum(case when d_moy = 11
 		then ws_net_paid_inc_tax * ws_quantity else 0 end) as nov_net
 	,sum(case when d_moy = 12
 		then ws_net_paid_inc_tax * ws_quantity else 0 end) as dec_net
     from
          web_sales
         ,warehouse
         ,date_dim
         ,time_dim
 	  ,ship_mode
     where
            ws_warehouse_sk =  w_warehouse_sk
        and ws_sold_date_sk = d_date_sk
        and ws_sold_time_sk = t_time_sk
 	and ws_ship_mode_sk = sm_ship_mode_sk
        and d_year = 2002
 	and t_time between 49530 and 49530+28800 
 	and sm_carrier in ('DIAMOND','AIRBORNE')
     group by 
        w_warehouse_name
 	,w_warehouse_sq_ft
 	,w_city
 	,w_county
 	,w_state
 	,w_country
       ,d_year
 union all
     select 
 	w_warehouse_name
 	,w_warehouse_sq_ft
 	,w_city
 	,w_county
 	,w_state
 	,w_country
        ,concat('DIAMOND'  , ',' , 'AIRBORNE') as ship_carriers
	,d_year as year
 	,sum(case when d_moy = 1 
 		then cs_ext_sales_price* cs_quantity else 0 end) as jan_sales
 	,sum(case when d_moy = 2 
 		then cs_ext_sales_price* cs_quantity else 0 end) as feb_sales
 	,sum(case when d_moy = 3 
 		then cs_ext_sales_price* cs_quantity else 0 end) as mar_sales
 	,sum(case when d_moy = 4 
 		then cs_ext_sales_price* cs_quantity else 0 end) as apr_sales
 	,sum(case when d_moy = 5 
 		then cs_ext_sales_price* cs_quantity else 0 end) as may_sales
 	,sum(case when d_moy = 6 
 		then cs_ext_sales_price* cs_quantity else 0 end) as jun_sales
 	,sum(case when d_moy = 7 
 		then cs_ext_sales_price* cs_quantity else 0 end) as jul_sales
 	,sum(case when d_moy = 8 
 		then cs_ext_sales_price* cs_quantity else 0 end) as aug_sales
 	,sum(case when d_moy = 9 
 		then cs_ext_sales_price* cs_quantity else 0 end) as sep_sales
 	,sum(case when d_moy = 10 
 		then cs_ext_sales_price* cs_quantity else 0 end) as oct_sales
 	,sum(case when d_moy = 11
 		then cs_ext_sales_price* cs_quantity else 0 end) as nov_sales
 	,sum(case when d_moy = 12
 		then cs_ext_sales_price* cs_quantity else 0 end) as dec_sales
 	,sum(case when d_moy = 1 
 		then cs_net_paid_inc_ship_tax * cs_quantity else 0 end) as jan_net
 	,sum(case when d_moy = 2 
 		then cs_net_paid_inc_ship_tax * cs_quantity else 0 end) as feb_net
 	,sum(case when d_moy = 3 
 		then cs_net_paid_inc_ship_tax * cs_quantity else 0 end) as mar_net
 	,sum(case when d_moy = 4 
 		then cs_net_paid_inc_ship_tax * cs_quantity else 0 end) as apr_net
 	,sum(case when d_moy = 5 
 		then cs_net_paid_inc_ship_tax * cs_quantity else 0 end) as may_net
 	,sum(case when d_moy = 6 
 		then cs_net_paid_inc_ship_tax * cs_quantity else 0 end) as jun_net
 	,sum(case when d_moy = 7 
 		then cs_net_paid_inc_ship_tax * cs_quantity else 0 end) as jul_net
 	,sum(case when d_moy = 8 
 		then cs_net_paid_inc_ship_tax * cs_quantity else 0 end) as aug_net
 	,sum(case when d_moy = 9 
 		then cs_net_paid_inc_ship_tax * cs_quantity else 0 end) as sep_net
 	,sum(case when d_moy = 10 
 		then cs_net_paid_inc_ship_tax * cs_quantity else 0 end) as oct_net
 	,sum(case when d_moy = 11
 		then cs_net_paid_inc_ship_tax * cs_quantity else 0 end) as nov_net
 	,sum(case when d_moy = 12
 		then cs_net_paid_inc_ship_tax * cs_quantity else 0 end) as dec_net
     from
          catalog_sales
         ,warehouse
         ,date_dim
         ,time_dim
 	 ,ship_mode
     where
            cs_warehouse_sk =  w_warehouse_sk
        and cs_sold_date_sk = d_date_sk
        and cs_sold_time_sk = t_time_sk
 	and cs_ship_mode_sk = sm_ship_mode_sk
        and d_year = 2002
 	and t_time between 49530 AND 49530+28800 
 	and sm_carrier in ('DIAMOND','AIRBORNE')
     group by 
        w_warehouse_name
 	,w_warehouse_sq_ft
 	,w_city
 	,w_county
 	,w_state
 	,w_country
       ,d_year
 ) x
 group by 
        w_warehouse_name
 	,w_warehouse_sq_ft
 	,w_city
 	,w_county
 	,w_state
 	,w_country
 	,ship_carriers
       ,year
 order by w_warehouse_name
 limit 100
-- !query schema
struct<w_warehouse_name:string,w_warehouse_sq_ft:bigint,w_city:string,w_county:string,w_state:string,w_country:string,ship_carriers:string,year:bigint,jan_sales:decimal(38,2),feb_sales:decimal(38,2),mar_sales:decimal(38,2),apr_sales:decimal(38,2),may_sales:decimal(38,2),jun_sales:decimal(38,2),jul_sales:decimal(38,2),aug_sales:decimal(38,2),sep_sales:decimal(38,2),oct_sales:decimal(38,2),nov_sales:decimal(38,2),dec_sales:decimal(38,2),jan_sales_per_sq_foot:decimal(38,6),feb_sales_per_sq_foot:decimal(38,6),mar_sales_per_sq_foot:decimal(38,6),apr_sales_per_sq_foot:decimal(38,6),may_sales_per_sq_foot:decimal(38,6),jun_sales_per_sq_foot:decimal(38,6),jul_sales_per_sq_foot:decimal(38,6),aug_sales_per_sq_foot:decimal(38,6),sep_sales_per_sq_foot:decimal(38,6),oct_sales_per_sq_foot:decimal(38,6),nov_sales_per_sq_foot:decimal(38,6),dec_sales_per_sq_foot:decimal(38,6),jan_net:decimal(38,2),feb_net:decimal(38,2),mar_net:decimal(38,2),apr_net:decimal(38,2),may_net:decimal(38,2),jun_net:decimal(38,2),jul_net:decimal(38,2),aug_net:decimal(38,2),sep_net:decimal(38,2),oct_net:decimal(38,2),nov_net:decimal(38,2),dec_net:decimal(38,2)>
-- !query output
Bad cards must make.	621234	Fairview	Williamson County	TN	United States	DIAMOND,AIRBORNE	2002	6890.88	22629.34	0.00	10216.05	2761.46	1725.60	3063.60	1625.74	2379.14	2430.58	0.00	8580.75	0.011092	0.036426	0.000000	0.016445	0.004445	0.002778	0.004931	0.002617	0.003830	0.003913	0.000000	0.013812	348776.32	1951822.95	0.00	950092.65	67773.29	55391.70	120154.17	58784.82	228111.68	209030.80	0.00	483349.01
Conventional childr	977787	Fairview	Williamson County	TN	United States	DIAMOND,AIRBORNE	2002	6823.74	0.00	2985.06	84.92	0.00	8593.20	0.00	2897.10	0.00	734.30	8036.15	5684.60	0.006979	0.000000	0.003053	0.000087	0.000000	0.008788	0.000000	0.002963	0.000000	0.000751	0.008219	0.005814	316842.82	0.00	260276.94	1942.82	0.00	619569.30	0.00	89520.30	0.00	54999.00	739073.60	345143.94
Doors canno	294242	Fairview	Williamson County	TN	United States	DIAMOND,AIRBORNE	2002	0.00	0.00	1670.82	71.04	0.00	0.00	0.00	8315.73	843.60	6839.37	2574.12	0.00	0.000000	0.000000	0.005678	0.000241	0.000000	0.000000	0.000000	0.028262	0.002867	0.023244	0.008748	0.000000	0.00	0.00	42673.38	2455.04	0.00	0.00	0.00	381946.17	81744.65	373371.27	81116.09	0.00
Important issues liv	138504	Fairview	Williamson County	TN	United States	DIAMOND,AIRBORNE	2002	38.06	0.00	935.29	870.46	420.42	0.00	0.00	0.00	0.00	396.18	31.46	7996.52	0.000275	0.000000	0.006753	0.006285	0.003035	0.000000	0.000000	0.000000	0.000000	0.002860	0.000227	0.057735	870.76	0.00	16965.02	8802.87	14428.59	0.00	0.00	0.00	0.00	28409.94	726.66	248977.76
NULL	NULL	Fairview	Williamson County	TN	United States	DIAMOND,AIRBORNE	2002	41.31	0.00	0.00	0.00	6060.00	1908.36	0.00	1727.60	1817.28	0.00	5263.68	5524.56	NULL	NULL	NULL	NULL	NULL	NULL	NULL	NULL	NULL	NULL	NULL	NULL	42.54	0.00	0.00	0.00	648420.00	59159.16	0.00	64059.20	141311.52	0.00	175175.04	167627.60
