-- Automatically generated by Gravitino Spark SQL test
-- !query
select current_catalog()
-- !query schema
struct<current_catalog():string>
-- !query output
iceberg
